= The Full Document #full-doc =

Intro paragraph with '''bold''', ''italic'', `inline` and a [https://example.org link].

== Lists #lists ==

 * one
 * two

1. alpha
2. beta

== Code #code ==

{{{#!lua
local x = 1
return x
}}}

> A wise quote.
>
> > Deeper.

== Table #table ==

||=Item =||=Count=||
|| a || 1 ||
|| b || 2 ||

----

The end, with a hard [[BR]]
line break.
